Testing Epoxy Polish Parameters...
Running Case: Default (Full Strength) -> test_polish_default_(full_strength).jpg
DEBUG: Geometry Detection | Peak: 0.79 | Peakedness: 3.39 | Horizon: 0.25 | Verdict: Eye Level
DEBUG: Detected Camera Geometry: eye_level (Horizon: 0.25)
python : Traceback 
(most recent call 
last):
At line:1 char:33
+ ... vices/api'; 
python services/api/e
xperiments/test_epoxy
_polish.py > te ...
+                 ~~~
~~~~~~~~~~~~~~~~~~~~~
~~~~~~~~~~~~~~~~~~~~~
~~~~~~~~~~~~
    + CategoryInfo   
           : NotSpe  
  cified: (Traceba   
 ck (most recent     
call last)::Stri    
ng) [], RemoteEx    
ception
    + FullyQualified 
   ErrorId : Native  
  CommandError
 
  File "E:\SkisPlace\
services\api\experime
nts\test_epoxy_polish
.py", line 82, in 
<module>
    
test_epoxy_polish()
  File "E:\SkisPlace\
services\api\experime
nts\test_epoxy_polish
.py", line 43, in 
test_epoxy_polish
    process_image(inp
ut_path, 
output_path, p)
  File "E:\SkisPlace\
services\api\app\core
\engine.py", line 
167, in process_image
    print(f"DEBUG: 
\u2717 AI fallback 
\u2192 heuristic. 
Reason: {ai_fallback_
reason}")
  File "C:\Users\skil
a\AppData\Local\Progr
ams\Python\Python312\
Lib\encodings\cp1252.
py", line 19, in 
encode
    return codecs.cha
rmap_encode(input,sel
f.errors,encoding_tab
le)[0]
           ^^^^^^^^^^
^^^^^^^^^^^^^^^^^^^^^
^^^^^^^^^^^^^^^^^^^^^
^^^
UnicodeEncodeError: 
'charmap' codec 
can't encode 
character '\u2717' 
in position 7: 
character maps to 
<undefined>
